// Jest Snapshot v1, https://goo.gl/fbAQLP

exports[`<HomeScreen> should match snapshot 1`] = `ShallowWrapper {}`;
