// Jest Snapshot v1, https://goo.gl/fbAQLP

exports[`<PopularMoviesScreen> should match snapshot 1`] = `ShallowWrapper {}`;
